
[1m[46m RUN [49m[22m [36mv4.0.18 [39m[90m/Users/ctw00200/personal/dev/vg-tracker/vg-tracker[39m

 [31m❯[39m src/__tests__/components/GameForm.test.tsx [2m([22m[2m6 tests[22m[2m | [22m[31m3 failed[39m[2m)[22m[33m 3778[2mms[22m[39m
     [33m[2m✓[22m[39m shows autocomplete dropdown and autofills form on selection [33m 530[2mms[22m[39m
     [32m✓[39m renders genre options fetched from RAWG in the dropdown[32m 7[2mms[22m[39m
     [32m✓[39m allows selecting and deselecting genres[32m 85[2mms[22m[39m
[31m     [31m×[31m shows error if purchasing price is negative[39m[33m 1044[2mms[22m[39m
[31m     [31m×[31m shows error if selling price is negative[39m[33m 1054[2mms[22m[39m
[31m     [31m×[31m shows error if start date is in the future[39m[33m 1057[2mms[22m[39m

[31m⎯⎯⎯⎯⎯⎯⎯[39m[1m[41m Failed Tests 3 [49m[22m[31m⎯⎯⎯⎯⎯⎯⎯[39m

[41m[1m FAIL [22m[49m src/__tests__/components/GameForm.test.tsx[2m > [22mGameForm Validations[2m > [22mshows error if purchasing price is negative
[31m[1mTestingLibraryElementError[22m[39m: Unable to find an element with the text: Purchasing price must be greater than or equal to 0. This could be because the text is broken up by multiple elements. In this case, you can provide a function for your text matcher to make your matcher more flexible.

Ignored nodes: comments, script, style
[36m<body>[39m
  [36m<div>[39m
    [36m<form[39m
      [33mclass[39m=[32m"game-form"[39m
    [36m>[39m
      [36m<div[39m
        [33mclass[39m=[32m"form-search-section glass-panel"[39m
      [36m>[39m
        [36m<label[39m
          [33mclass[39m=[32m"input-label"[39m
        [36m>[39m
          [0mAuto-fill from RAWG Database[0m
        [36m</label>[39m
        [36m<div[39m
          [33mclass[39m=[32m"search-input-wrapper"[39m
        [36m>[39m
          [36m<svg[39m
            [33maria-hidden[39m=[32m"true"[39m
            [33mclass[39m=[32m"lucide lucide-search search-icon"[39m
            [33mfill[39m=[32m"none"[39m
            [33mheight[39m=[32m"18"[39m
            [33mstroke[39m=[32m"currentColor"[39m
            [33mstroke-linecap[39m=[32m"round"[39m
            [33mstroke-linejoin[39m=[32m"round"[39m
            [33mstroke-width[39m=[32m"2"[39m
            [33mviewBox[39m=[32m"0 0 24 24"[39m
            [33mwidth[39m=[32m"18"[39m
            [33mxmlns[39m=[32m"http://www.w3.org/2000/svg"[39m
          [36m>[39m
            [36m<path[39m
              [33md[39m=[32m"m21 21-4.34-4.34"[39m
            [36m/>[39m
            [36m<circle[39m
              [33mcx[39m=[32m"11"[39m
              [33mcy[39m=[32m"11"[39m
              [33mr[39m=[32m"8"[39m
            [36m/>[39m
          [36m</svg>[39m
          [36m<input[39m
            [33mclass[39m=[32m"form-input search-input"[39m
            [33mplaceholder[39m=[32m"Search for a game..."[39m
            [33mtype[39m=[32m"text"[39m
            [33mvalue[39m=[32m""[39m
          [36m/>[39m
        [36m</div>[39m
      [36m</div>[39m
      [36m<div[39m
        [33mclass[39m=[32m"form-grid"[39m
      [36m>[39m
        [36m<div[39m
          [33mclass[39m=[32m"input-group  col-span-full"[39m
        [36m>[39m
          [36m<label[39m
            [33mclass[39m=[32m"input-label"[39m
            [33mfor[39m=[32m"input-title-*"[39m
          [36m>[39m
            [0mTitle *[0m
          [36m</label>[39m
          [36m<input[39m
            [33mclass[39m=[32m"input-field glass-card"[39m
            [33mid[39m=[32m"input-title-*"[39m
            [33mname[39m=[32m"title"[39m
            [33mplaceholder[39m=[32m"e.g. The Legend of Zelda: Tears of the Kingdom"[39m
            [33mrequired[39m=[32m""[39m
            [33mvalue[39m=[32m"Test"[39m
          [36m/>[39m
        [36m</div>[39m
        [36m<div[39m
          [33mclass[39m=[32m"genre-multi-select "[39m
        [36m>[39m
          [36m<label[39m
            [33mclass[39m=[32m"input-label"[39m
            [33mfor[39m=[32m"genre-multi-select"[39m
          [36m>[39m
            [0mGenres *[0m
          [36m</label>[39m
          [36m<div[39m
            [33maria-expanded[39m=[32m"true"[39m
            [33maria-haspopup[39m=[32m"listbox"[39m
            [33mclass[39m=[32m"genre-select-trigger open"[39m
            [33mid[39m=[32m"genre-multi-select"[39m
            [33mrole[39m=[32m"combobox"[39m
            [33mtabindex[39m=[32m"0"[39m
          [36m>[39m
            [36m<span[39m
              [33mclass[39m=[32m"genre-chip"[39m
            [36m>[39m
              [0mAction[0m
              [36m<button[39m
                [33maria-label[39m=[32m"Remove Action"[39m
                [33mclass[39m=[32m"genre-chip-remove"[39m
                [33mtype[39m=[32m"button"[39m
              [36m>[39m
                [0m×[0m
              [36m</button>[39m
            [36m</span>[39m
          [36m</div>[39m
          [36m<div[39m
            [33maria-multiselectable[39m=[32m"true"[39m
            [33mclass[39m=[32m"genre-dropdown-panel"[39m
            [33mrole[39m=[32m"listbox"[39m
          [36m>[39m
            [36m<div[39m
              [33maria-selected[39m=[32m"true"[39m
              [33mclass[39m=[32m"genre-dropdown-item selected"[39m
              [33mrole[39m=[32m"option"[39m
            [36m>[39m
              [36m<span[39m
                [33mclass[39m=[32m"genre-checkbox"[39m
              [36m>[39m
                [36m<span[39m
                  [33mclass[39m=[32m"genre-checkbox-check"[39m
                [36m>[39m
                  [0m✓[0m
                [36m</span>[39m
              [36m</span>[39m
              [0mAction[0m
            [36m</div>[39m
          [36m</div>[39m
        [36m</div>[39m
        [36m<div[39m
          [33mclass[39m=[32m"input-group  "[39m
        [36m>[39m
          [36m<label[39m
            [33mclass[39m=[32m"input-label"[39m
            [33mfor[39m=[32m"select-platform-*"[39m
          [36m>[39m
            [0mPlatform *[0m
          [36m</label>[39m
          [36m<select[39m
            [33mclass[39m=[32m"input-field glass-card"[39m
            [33mid[39m=[32m"select-platform-*"[39m
            [33mname[39m=[32m"platform"[39m
            [33mrequired[39m=[32m""[39m
          [36m>[39m
            [36m<option[39m
              [33mvalue[39m=[32m""[39m
            [36m>[39m
              [0mSelect a platform...[0m
            [36m</option>[39m
            [36m<option[39m
              [33mvalue[39m=[32m"PC"[39m
            [36m>[39m
              [0mPC[0m
            [36m</option>[39m
          [36m</select>[39m
        [36m</div>[39m
        [36m<div[39m
          [33mclass[39m=[32m"input-group  "[39m
        [36m>[39m
          [36m<label[39m
            [33mclass[39m=[32m"input-label"[39m
            [33mfor[39m=[32m"select-status"[39m
          [36m>[39m
            [0mStatus[0m
          [36m</label>[39m
          [36m<select[39m
            [33mclass[39m=[32m"input-field glass-card"[39m
            [33mid[39m=[32m"select-status"[39m
            [33mname[39m=[32m"status"[39m
          [36m>[39m
            [36m<option[39m
              [33mvalue[39m=[32m"Backlog"[39m
            [36m>[39m
              [0mBacklog[0m
            [36m</option>[39m
            [36m<option[39m
              [33mvalue[39m=[32m"Playing"[39m
            [36m>[39m
              [0mPlaying[0m
            [36m</option>[39m
            [36m<option[39m
              [33mvalue[39m=[32m"On Hold"[39m
            [36m>[39m
              [0mOn Hold[0m
            [36m</option>[39m
            [36m<option[39m
              [33mvalue[39m=[32m"Played"[39m
            [36m>[39m
              [0mPlayed[0m
            [36m</option>[39m
          [36m</select>[39m
        [36m</div>[39m
        [36m<div[39m
          [33mclass[39m=[32m"input-group  "[39m
        [36m>[39m
          [36m<label[39m
            [33mclass[39m=[32m"input-label"[39m
            [33mfor[39m=[32m"input-rating-(1-10)"[39m
          [36m>[39m
            [0mRating (1-10)[0m
          [36m</label>[39m
          [36m<input[39m
            [33mclass[39m=[32m"input-field glass-card"[39m
            [33mid[39m=[32m"input-rating-(1-10)"[39m
            [33mmax[39m=[32m"10"[39m
            [33mmin[39m=[32m"1"[39m
            [33mname[39m=[32m"rating"[39m
            [33mtype[39m=[32m"number"[39m
            [33mvalue[39m=[32m""[39m
          [36m/>[39m
        [36m</div>[39m
        [36m<div[39m
          [33mclass[39m=[32m"input-group  "[39m
        [36m>[39m
          [36m<label[39m
            [33mclass[39m=[32m"input-label"[39m
            [33mfor[39m=[32m"input-purchasing-price-(€)"[39m
          [36m>[39m
            [0mPurchasing Price (€)[0m
          [36m</label>[39m
          [36m<input[39m
            [33mclass[39m=[32m"input-field glass-card"[39m
            [33mid[39m=[32m"input-purchasing-price-(€)"[39m
            [33mmin[39m=[32m"0"[39m
            [33mname[39m=[32m"purchasing_price"[39m
            [33mstep[39m=[32m"0.01"[39m
            [33mtype[39m=[32m"number"[39m
            [33mvalue[39m=[32m"-5"[39m
          [36m/>[39m
        [36m</div>[39m
        [36m<div[39m
          [33mclass[39m=[32m"input-group  "[39m
        [36m>[39m
          [36m<label[39m
            [33mclass[39m=[32m"input-label"[39m
            [33mfor[39m=[32m"input-selling-price-(€)"[39m
          [36m>[39m
            [0mSelling Price (€)[0m
          [36m</label>[39m
          [36m<input[39m
            [33mclass[39m=[32m"input-field glass-card"[39m
            [33mid[39m=[32m"input-selling-price-(€)"[39m
            [33mmin[39m=[32m"0"[39m
            [33mname[39m=[32m"selling_price"[39m
            [33mstep[39m=[32m"0.01"[39m
            [33mtype[39m=[32m"number"[39m
            [33mvalue[39m=[32m""[39m
          [36m/>[39m
        [36m</div>[39m
        [36m<div[39m
          [33mclass[39m=[32m"input-group  "[39m
        [36m>[39m
          [36m<label[39m
            [33mclass[39m=[32m"input-label"[39m
            [33mfor[39m=[32m"input-start-date"[39m
          [36m>[39m
            [0mStart Date[0m
          [36m</label>[39m
          [36m<input[39m
            [33mclass[39m=[32m"input-field glass-card"[39m
            [33mid[39m=[32m"input-start-date"[39m
            [33mmax[39m=[32m"2026-02-27"[39m
            [33mname[39m=[32m"start_date"[39m
            [33mtype[39m=[32m"date"[39m
            [33mvalue[39m=[32m""[39m
          [36m/>[39m
        [36m</div>[39m
        [36m<div[39m
          [33mclass[39m=[32m"input-group  "[39m
        [36m>[39m
          [36m<label[39m
            [33mclass[39m=[32m"input-label"[39m
            [33mfor[39m=[32m"input-end-date-(finished)"[39m
          [36m>[39m
            [0mEnd Date (Finished)[0m
          [36m</label>[39m
          [36m<input[39m
            [33mclass[39m=[32m"input-field glass-card"[39m
            [33mid[39m=[32m"input-end-date-(finished)"[39m
            [33mname[39m=[32m"end_date"[39m
            [33mtype[39m=[32m"date"[39m
            [33mvalue[39m=[32m""[39m
          [36m/>[39m
        [36m</div>[39m
        [36m<div[39m
          [33mclass[39m=[32m"hours-played-wrapper"[39m
        [36m>[39m
          [36m<div[39m
            [33mclass[39m=[32m"input-group  "[39m
          [36m>[39m
            [36m<label[39m
              [33mclass[39m=[32m"input-label"[39m
              [33mfor[39m=[32m"input-hours-played"[39m
            [36m>[39m
              [0mHours Played[0m
            [36m</label>[39m
            [36m<input[39m
              [33mclass[39m=[32m"input-field glass-card"[39m
              [33mid[39m=[32m"input-hours-played"[39m
              [33mmin[39m=[32m"0"[39m
              [33mname[39m=[32m"hours_played"[39m
              [33mstep[39m=[32m"0.1"[39m
              [33mtype[39m=[32m"number"[39m
              [33mvalue[39m=[32m""[39m
            [36m/>[39m
          [36m</div>[39m
        [36m</div>[39m
      [36m</div>[39m
      [36m<div[39m
        [33mclass[39m=[32m"form-actions"[39m
      [36m>[39m
        [36m<button[39m
          [33mclass[39m=[32m"btn btn-ghost btn-md "[39m
          [33mtype[39m=[32m"button"[39m
        [36m>[39m
          [0mCancel[0m
        [36m</button>[39m
        [36m<button[39m
          [33mclass[39m=[32m"btn btn-primary btn-md "[39m
          [33mtype[39m=[32m"submit"[39m
        [36m>[39m
          [0mAdd Game[0m
        [36m</button>[39m
      [36m</div>[39m
    [36m</form>[39m
  [36m</div>[39m
[36m</body>[39m

Ignored nodes: comments, script, style
[36m<html>[39m
  [36m<head />[39m
  [36m<body>[39m
    [36m<div>[39m
      [36m<form[39m
        [33mclass[39m=[32m"game-form"[39m
      [36m>[39m
        [36m<div[39m
          [33mclass[39m=[32m"form-search-section glass-panel"[39m
        [36m>[39m
          [36m<label[39m
            [33mclass[39m=[32m"input-label"[39m
          [36m>[39m
            [0mAuto-fill from RAWG Database[0m
          [36m</label>[39m
          [36m<div[39m
            [33mclass[39m=[32m"search-input-wrapper"[39m
          [36m>[39m
            [36m<svg[39m
              [33maria-hidden[39m=[32m"true"[39m
              [33mclass[39m=[32m"lucide lucide-search search-icon"[39m
              [33mfill[39m=[32m"none"[39m
              [33mheight[39m=[32m"18"[39m
              [33mstroke[39m=[32m"currentColor"[39m
              [33mstroke-linecap[39m=[32m"round"[39m
              [33mstroke-linejoin[39m=[32m"round"[39m
              [33mstroke-width[39m=[32m"2"[39m
              [33mviewBox[39m=[32m"0 0 24 24"[39m
              [33mwidth[39m=[32m"18"[39m
              [33mxmlns[39m=[32m"http://www.w3.org/2000/svg"[39m
            [36m>[39m
              [36m<path[39m
                [33md[39m=[32m"m21 21-4.34-4.34"[39m
              [36m/>[39m
              [36m<circle[39m
                [33mcx[39m=[32m"11"[39m
                [33mcy[39m=[32m"11"[39m
                [33mr[39m=[32m"8"[39m
              [36m/>[39m
            [36m</svg>[39m
            [36m<input[39m
              [33mclass[39m=[32m"form-input search-input"[39m
              [33mplaceholder[39m=[32m"Search for a game..."[39m
              [33mtype[39m=[32m"text"[39m
              [33mvalue[39m=[32m""[39m
            [36m/>[39m
          [36m</div>[39m
        [36m</div>[39m
        [36m<div[39m
          [33mclass[39m=[32m"form-grid"[39m
        [36m>[39m
          [36m<div[39m
            [33mclass[39m=[32m"input-group  col-span-full"[39m
          [36m>[39m
            [36m<label[39m
              [33mclass[39m=[32m"input-label"[39m
              [33mfor[39m=[32m"input-title-*"[39m
            [36m>[39m
              [0mTitle *[0m
            [36m</label>[39m
            [36m<input[39m
              [33mclass[39m=[32m"input-field glass-card"[39m
              [33mid[39m=[32m"input-title-*"[39m
              [33mname[39m=[32m"title"[39m
              [33mplaceholder[39m=[32m"e.g. The Legend of Zelda: Tears of the Kingdom"[39m
              [33mrequired[39m=[32m""[39m
              [33mvalue[39m=[32m"Test"[39m
            [36m/>[39m
          [36m</div>[39m
          [36m<div[39m
            [33mclass[39m=[32m"genre-multi-select "[39m
          [36m>[39m
            [36m<label[39m
              [33mclass[39m=[32m"input-label"[39m
              [33mfor[39m=[32m"genre-multi-select"[39m
            [36m>[39m
              [0mGenres *[0m
            [36m</label>[39m
            [36m<div[39m
              [33maria-expanded[39m=[32m"true"[39m
              [33maria-haspopup[39m=[32m"listbox"[39m
              [33mclass[39m=[32m"genre-select-trigger open"[39m
              [33mid[39m=[32m"genre-multi-select"[39m
              [33mrole[39m=[32m"combobox"[39m
              [33mtabindex[39m=[32m"0"[39m
            [36m>[39m
              [36m<span[39m
                [33mclass[39m=[32m"genre-chip"[39m
              [36m>[39m
                [0mAction[0m
                [36m<button[39m
                  [33maria-label[39m=[32m"Remove Action"[39m
                  [33mclass[39m=[32m"genre-chip-remove"[39m
                  [33mtype[39m=[32m"button"[39m
                [36m>[39m
                  [0m×[0m
                [36m</button>[39m
              [36m</span>[39m
            [36m</div>[39m
            [36m<div[39m
              [33maria-multiselectable[39m=[32m"true"[39m
              [33mclass[39m=[32m"genre-dropdown-panel"[39m
              [33mrole[39m=[32m"listbox"[39m
            [36m>[39m
              [36m<div[39m
                [33maria-selected[39m=[32m"true"[39m
                [33mclass[39m=[32m"genre-dropdown-item selected"[39m
                [33mrole[39m=[32m"option"[39m
              [36m>[39m
                [36m<span[39m
                  [33mclass[39m=[32m"genre-checkbox"[39m
                [36m>[39m
                  [36m<span[39m
                    [33mclass[39m=[32m"genre-checkbox-check"[39m
                  [36m>[39m
                    [0m✓[0m
                  [36m</span>[39m
                [36m</span>[39m
                [0mAction[0m
              [36m</div>[39m
            [36m</div>[39m
          [36m</div>[39m
          [36m<div[39m
            [33mclass[39m=[32m"input-group  "[39m
          [36m>[39m
            [36m<label[39m
              [33mclass[39m=[32m"input-label"[39m
              [33mfor[39m=[32m"select-platform-*"[39m
            [36m>[39m
              [0mPlatform *[0m
            [36m</label>[39m
            [36m<select[39m
              [33mclass[39m=[32m"input-field glass-card"[39m
              [33mid[39m=[32m"select-platform-*"[39m
              [33mname[39m=[32m"platform"[39m
              [33mrequired[39m=[32m""[39m
            [36m>[39m
              [36m<option[39m
                [33mvalue[39m=[32m""[39m
              [36m>[39m
                [0mSelect a platform...[0m
              [36m</option>[39m
              [36m<option[39m
                [33mvalue[39m=[32m"PC"[39m
              [36m>[39m
                [0mPC[0m
              [36m</option>[39m
            [36m</select>[39m
          [36m</div>[39m
          [36m<div[39m
            [33mclass[39m=[32m"input-group  "[39m
          [36m>[39m
            [36m<label[39m
              [33mclass[39m=[32m"input-label"[39m
              [33mfor[39m=[32m"select-status"[39m
            [36m>[39m
              [0mStatus[0m
            [36m</label>[39m
            [36m<select[39m
              [33mclass[39m=[32m"input-field glass-card"[39m
              [33mid[39m=[32m"select-status"[39m
              [33mname[39m=[32m"status"[39m
            [36m>[39m
              [36m<option[39m
                [33mvalue[39m=[32m"Backlog"[39m
              [36m>[39m
                [0mBacklog[0m
              [36m</option>[39m
              [36m<option[39m
                [33mvalue[39m=[32m"Playing"[39m
              [36m>[39m
                [0mPlaying[0m
              [36m</option>[39m
              [36m<option[39m
                [33mvalue[39m=[32m"On Hold"[39m
              [36m>[39m
                [0mOn Hold[0m
              [36m</option>[39m
              [36m<option[39m
                [33mvalue[39m=[32m"Played"[39m
              [36m>[39m
                [0mPlayed[0m
              [36m</option>[39m
            [36m</select>[39m
          [36m</div>[39m
          [36m<div[39m
            [33mclass[39m=[32m"input-group  "[39m
          [36m>[39m
            [36m<label[39m
              [33mclass[39m=[32m"input-label"[39m
              [33mfor[39m=[32m"input-rating-(1-10)"[39m
            [36m>[39m
              [0mRating (1-10)[0m
            [36m</label>[39m
            [36m<input[39m
              [33mclass[39m=[32m"input-field glass-card"[39m
              [33mid[39m=[32m"input-rating-(1-10)"[39m
              [33mmax[39m=[32m"10"[39m
              [33mmin[39m=[32m"1"[39m
              [33mname[39m=[32m"rating"[39m
              [33mtype[39m=[32m"number"[39m
              [33mvalue[39m=[32m""[39m
            [36m/>[39m
          [36m</div>[39m
          [36m<div[39m
            [33mclass[39m=[32m"input-group  "[39m
          [36m>[39m
            [36m<label[39m
              [33mclass[39m=[32m"input-label"[39m
              [33mfor[39m=[32m"input-purchasing-price-(€)"[39m
            [36m>[39m
              [0mPurchasing Price (€)[0m
            [36m</label>[39m
            [36m<input[39m
              [33mclass[39m=[32m"input-field glass-card"[39m
              [33mid[39m=[32m"input-purchasing-price-(€)"[39m
              [33mmin[39m=[32m"0"[39m
              [33mname[39m=[32m"purchasing_price"[39m
              [33mstep[39m=[32m"0.01"[39m
              [33mtype[39m=[32m"number"[39m
              [33mvalue[39m=[32m"-5"[39m
            [36m/>[39m
          [36m</div>[39m
          [36m<div[39m
            [33mclass[39m=[32m"input-group  "[39m
          [36m>[39m
            [36m<label[39m
              [33mclass[39m=[32m"input-label"[39m
              [33mfor[39m=[32m"input-selling-price-(€)"[39m
            [36m>[39m
              [0mSelling Price (€)[0m
            [36m</label>[39m
            [36m<input[39m
              [33mclass[39m=[32m"input-field glass-card"[39m
              [33mid[39m=[32m"input-selling-price-(€)"[39m
              [33mmin[39m=[32m"0"[39m
              [33mname[39m=[32m"selling_price"[39m
              [33mstep[39m=[32m"0.01"[39m
              [33mtype[39m=[32m"number"[39m
              [33mvalue[39m=[32m""[39m
            [36m/>[39m
          [36m</div>[39m
          [36m<div[39m
            [33mclass[39m=[32m"input-group  "[39m
          [36m>[39m
            [36m<label[39m
              [33mclass[39m=[32m"input-label"[39m
              [33mfor[39m=[32m"input-start-date"[39m
            [36m>[39m
              [0mStart Date[0m
            [36m</label>[39m
            [36m<input[39m
              [33mclass[39m=[32m"input-field glass-card"[39m
              [33mid[39m=[32m"input-start-date"[39m
              [33mmax[39m=[32m"2026-02-27"[39m
              [33mname[39m=[32m"start_date"[39m
              [33mtype[39m=[32m"date"[39m
              [33mvalue[39m=[32m""[39m
            [36m/>[39m
          [36m</div>[39m
          [36m<div[39m
            [33mclass[39m=[32m"input-group  "[39m
          [36m>[39m
            [36m<label[39m
              [33mclass[39m=[32m"input-label"[39m
              [33mfor[39m=[32m"input-end-date-(finished)"[39m
            [36m>[39m
              [0mEnd Date (Finished)[0m
            [36m</label>[39m
            [36m<input[39m
              [33mclass[39m=[32m"input-field glass-card"[39m
              [33mid[39m=[32m"input-end-date-(finished)"[39m
              [33mname[39m=[32m"end_date"[39m
              [33mtype[39m=[32m"date"[39m
              [33mvalue[39m=[32m""[39m
            [36m/>[39m
          [36m</div>[39m
          [36m<div[39m
            [33mclass[39m=[32m"hours-played-wrapper"[39m
          [36m>[39m
            [36m<div[39m
              [33mclass[39m=[32m"input-group  "[39m
            [36m>[39m
              [36m<label[39m
                [33mclass[39m=[32m"input-label"[39m
                [33mfor[39m=[32m"input-hours-played"[39m
              [36m>[39m
                [0mHours Played[0m
              [36m</label>[39m
              [36m<input[39m
                [33mclass[39m=[32m"input-field glass-card"[39m
                [33mid[39m=[32m"input-hours-played"[39m
                [33mmin[39m=[32m"0"[39m
                [33mname[39m=[32m"hours_played"[39m
                [33mstep[39m=[32m"0.1"[39m
                [33mtype[39m=[32m"number"[39m
                [33mvalue[39m=[32m""[39m
              [36m/>[39m
            [36m</div>[39m
          [36m</div>[39m
        [36m</div>[39m
        [36m<div[39m
          [33mclass[39m=[32m"form-actions"[39m
        [36m>[39m
          [36m<button[39m
            [33mclass[39m=[32m"btn btn-ghost btn-md "[39m
            [33mtype[39m=[32m"button"[39m
          [36m>[39m
            [0mCancel[0m
          [36m</button>[39m
          [36m<button[39m
            [33mclass[39m=[32m"btn btn-primary btn-md "[39m
            [33mtype[39m=[32m"submit"[39m
          [36m>[39m
            [0mAdd Game[0m
          [36m</button>[39m
        [36m</div>[39m
      [36m</form>[39m
    [36m</div>[39m
  [36m</body>[39m
[36m</html>[39m
[90m [2m❯[22m Proxy.waitForWrapper node_modules/@testing-library/dom/dist/wait-for.js:[2m163:27[22m[39m
[36m [2m❯[22m src/__tests__/components/GameForm.test.tsx:[2m156:15[22m[39m
    [90m154| [39m        fireEvent[33m.[39m[34mclick[39m(screen[33m.[39m[34mgetByText[39m([32m'Add Game'[39m))[33m;[39m
    [90m155| [39m
    [90m156| [39m        [35mawait[39m [34mwaitFor[39m(() [33m=>[39m {
    [90m   | [39m              [31m^[39m
    [90m157| [39m            expect(screen.getByText('Purchasing price must be greater …
    [90m158| [39m        })[33m;[39m

[31m[2m⎯⎯⎯⎯⎯⎯⎯⎯⎯⎯⎯⎯⎯⎯⎯⎯⎯⎯⎯⎯⎯⎯⎯⎯[1/3]⎯[22m[39m

[41m[1m FAIL [22m[49m src/__tests__/components/GameForm.test.tsx[2m > [22mGameForm Validations[2m > [22mshows error if selling price is negative
[31m[1mTestingLibraryElementError[22m[39m: Unable to find an element with the text: Selling price must be greater than or equal to 0. This could be because the text is broken up by multiple elements. In this case, you can provide a function for your text matcher to make your matcher more flexible.

Ignored nodes: comments, script, style
[36m<body>[39m
  [36m<div>[39m
    [36m<form[39m
      [33mclass[39m=[32m"game-form"[39m
    [36m>[39m
      [36m<div[39m
        [33mclass[39m=[32m"form-search-section glass-panel"[39m
      [36m>[39m
        [36m<label[39m
          [33mclass[39m=[32m"input-label"[39m
        [36m>[39m
          [0mAuto-fill from RAWG Database[0m
        [36m</label>[39m
        [36m<div[39m
          [33mclass[39m=[32m"search-input-wrapper"[39m
        [36m>[39m
          [36m<svg[39m
            [33maria-hidden[39m=[32m"true"[39m
            [33mclass[39m=[32m"lucide lucide-search search-icon"[39m
            [33mfill[39m=[32m"none"[39m
            [33mheight[39m=[32m"18"[39m
            [33mstroke[39m=[32m"currentColor"[39m
            [33mstroke-linecap[39m=[32m"round"[39m
            [33mstroke-linejoin[39m=[32m"round"[39m
            [33mstroke-width[39m=[32m"2"[39m
            [33mviewBox[39m=[32m"0 0 24 24"[39m
            [33mwidth[39m=[32m"18"[39m
            [33mxmlns[39m=[32m"http://www.w3.org/2000/svg"[39m
          [36m>[39m
            [36m<path[39m
              [33md[39m=[32m"m21 21-4.34-4.34"[39m
            [36m/>[39m
            [36m<circle[39m
              [33mcx[39m=[32m"11"[39m
              [33mcy[39m=[32m"11"[39m
              [33mr[39m=[32m"8"[39m
            [36m/>[39m
          [36m</svg>[39m
          [36m<input[39m
            [33mclass[39m=[32m"form-input search-input"[39m
            [33mplaceholder[39m=[32m"Search for a game..."[39m
            [33mtype[39m=[32m"text"[39m
            [33mvalue[39m=[32m""[39m
          [36m/>[39m
        [36m</div>[39m
      [36m</div>[39m
      [36m<div[39m
        [33mclass[39m=[32m"form-grid"[39m
      [36m>[39m
        [36m<div[39m
          [33mclass[39m=[32m"input-group  col-span-full"[39m
        [36m>[39m
          [36m<label[39m
            [33mclass[39m=[32m"input-label"[39m
            [33mfor[39m=[32m"input-title-*"[39m
          [36m>[39m
            [0mTitle *[0m
          [36m</label>[39m
          [36m<input[39m
            [33mclass[39m=[32m"input-field glass-card"[39m
            [33mid[39m=[32m"input-title-*"[39m
            [33mname[39m=[32m"title"[39m
            [33mplaceholder[39m=[32m"e.g. The Legend of Zelda: Tears of the Kingdom"[39m
            [33mrequired[39m=[32m""[39m
            [33mvalue[39m=[32m"Test"[39m
          [36m/>[39m
        [36m</div>[39m
        [36m<div[39m
          [33mclass[39m=[32m"genre-multi-select "[39m
        [36m>[39m
          [36m<label[39m
            [33mclass[39m=[32m"input-label"[39m
            [33mfor[39m=[32m"genre-multi-select"[39m
          [36m>[39m
            [0mGenres *[0m
          [36m</label>[39m
          [36m<div[39m
            [33maria-expanded[39m=[32m"true"[39m
            [33maria-haspopup[39m=[32m"listbox"[39m
            [33mclass[39m=[32m"genre-select-trigger open"[39m
            [33mid[39m=[32m"genre-multi-select"[39m
            [33mrole[39m=[32m"combobox"[39m
            [33mtabindex[39m=[32m"0"[39m
          [36m>[39m
            [36m<span[39m
              [33mclass[39m=[32m"genre-chip"[39m
            [36m>[39m
              [0mAction[0m
              [36m<button[39m
                [33maria-label[39m=[32m"Remove Action"[39m
                [33mclass[39m=[32m"genre-chip-remove"[39m
                [33mtype[39m=[32m"button"[39m
              [36m>[39m
                [0m×[0m
              [36m</button>[39m
            [36m</span>[39m
          [36m</div>[39m
          [36m<div[39m
            [33maria-multiselectable[39m=[32m"true"[39m
            [33mclass[39m=[32m"genre-dropdown-panel"[39m
            [33mrole[39m=[32m"listbox"[39m
          [36m>[39m
            [36m<div[39m
              [33maria-selected[39m=[32m"true"[39m
              [33mclass[39m=[32m"genre-dropdown-item selected"[39m
              [33mrole[39m=[32m"option"[39m
            [36m>[39m
              [36m<span[39m
                [33mclass[39m=[32m"genre-checkbox"[39m
              [36m>[39m
                [36m<span[39m
                  [33mclass[39m=[32m"genre-checkbox-check"[39m
                [36m>[39m
                  [0m✓[0m
                [36m</span>[39m
              [36m</span>[39m
              [0mAction[0m
            [36m</div>[39m
          [36m</div>[39m
        [36m</div>[39m
        [36m<div[39m
          [33mclass[39m=[32m"input-group  "[39m
        [36m>[39m
          [36m<label[39m
            [33mclass[39m=[32m"input-label"[39m
            [33mfor[39m=[32m"select-platform-*"[39m
          [36m>[39m
            [0mPlatform *[0m
          [36m</label>[39m
          [36m<select[39m
            [33mclass[39m=[32m"input-field glass-card"[39m
            [33mid[39m=[32m"select-platform-*"[39m
            [33mname[39m=[32m"platform"[39m
            [33mrequired[39m=[32m""[39m
          [36m>[39m
            [36m<option[39m
              [33mvalue[39m=[32m""[39m
            [36m>[39m
              [0mSelect a platform...[0m
            [36m</option>[39m
            [36m<option[39m
              [33mvalue[39m=[32m"PC"[39m
            [36m>[39m
              [0mPC[0m
            [36m</option>[39m
          [36m</select>[39m
        [36m</div>[39m
        [36m<div[39m
          [33mclass[39m=[32m"input-group  "[39m
        [36m>[39m
          [36m<label[39m
            [33mclass[39m=[32m"input-label"[39m
            [33mfor[39m=[32m"select-status"[39m
          [36m>[39m
            [0mStatus[0m
          [36m</label>[39m
          [36m<select[39m
            [33mclass[39m=[32m"input-field glass-card"[39m
            [33mid[39m=[32m"select-status"[39m
            [33mname[39m=[32m"status"[39m
          [36m>[39m
            [36m<option[39m
              [33mvalue[39m=[32m"Backlog"[39m
            [36m>[39m
              [0mBacklog[0m
            [36m</option>[39m
            [36m<option[39m
              [33mvalue[39m=[32m"Playing"[39m
            [36m>[39m
              [0mPlaying[0m
            [36m</option>[39m
            [36m<option[39m
              [33mvalue[39m=[32m"On Hold"[39m
            [36m>[39m
              [0mOn Hold[0m
            [36m</option>[39m
            [36m<option[39m
              [33mvalue[39m=[32m"Played"[39m
            [36m>[39m
              [0mPlayed[0m
            [36m</option>[39m
          [36m</select>[39m
        [36m</div>[39m
        [36m<div[39m
          [33mclass[39m=[32m"input-group  "[39m
        [36m>[39m
          [36m<label[39m
            [33mclass[39m=[32m"input-label"[39m
            [33mfor[39m=[32m"input-rating-(1-10)"[39m
          [36m>[39m
            [0mRating (1-10)[0m
          [36m</label>[39m
          [36m<input[39m
            [33mclass[39m=[32m"input-field glass-card"[39m
            [33mid[39m=[32m"input-rating-(1-10)"[39m
            [33mmax[39m=[32m"10"[39m
            [33mmin[39m=[32m"1"[39m
            [33mname[39m=[32m"rating"[39m
            [33mtype[39m=[32m"number"[39m
            [33mvalue[39m=[32m""[39m
          [36m/>[39m
        [36m</div>[39m
        [36m<div[39m
          [33mclass[39m=[32m"input-group  "[39m
        [36m>[39m
          [36m<label[39m
            [33mclass[39m=[32m"input-label"[39m
            [33mfor[39m=[32m"input-purchasing-price-(€)"[39m
          [36m>[39m
            [0mPurchasing Price (€)[0m
          [36m</label>[39m
          [36m<input[39m
            [33mclass[39m=[32m"input-field glass-card"[39m
            [33mid[39m=[32m"input-purchasing-price-(€)"[39m
            [33mmin[39m=[32m"0"[39m
            [33mname[39m=[32m"purchasing_price"[39m
            [33mstep[39m=[32m"0.01"[39m
            [33mtype[39m=[32m"number"[39m
            [33mvalue[39m=[32m""[39m
          [36m/>[39m
        [36m</div>[39m
        [36m<div[39m
          [33mclass[39m=[32m"input-group  "[39m
        [36m>[39m
          [36m<label[39m
            [33mclass[39m=[32m"input-label"[39m
            [33mfor[39m=[32m"input-selling-price-(€)"[39m
          [36m>[39m
            [0mSelling Price (€)[0m
          [36m</label>[39m
          [36m<input[39m
            [33mclass[39m=[32m"input-field glass-card"[39m
            [33mid[39m=[32m"input-selling-price-(€)"[39m
            [33mmin[39m=[32m"0"[39m
            [33mname[39m=[32m"selling_price"[39m
            [33mstep[39m=[32m"0.01"[39m
            [33mtype[39m=[32m"number"[39m
            [33mvalue[39m=[32m"-10"[39m
          [36m/>[39m
        [36m</div>[39m
        [36m<div[39m
          [33mclass[39m=[32m"input-group  "[39m
        [36m>[39m
          [36m<label[39m
            [33mclass[39m=[32m"input-label"[39m
            [33mfor[39m=[32m"input-start-date"[39m
          [36m>[39m
            [0mStart Date[0m
          [36m</label>[39m
          [36m<input[39m
            [33mclass[39m=[32m"input-field glass-card"[39m
            [33mid[39m=[32m"input-start-date"[39m
            [33mmax[39m=[32m"2026-02-27"[39m
            [33mname[39m=[32m"start_date"[39m
            [33mtype[39m=[32m"date"[39m
            [33mvalue[39m=[32m""[39m
          [36m/>[39m
        [36m</div>[39m
        [36m<div[39m
          [33mclass[39m=[32m"input-group  "[39m
        [36m>[39m
          [36m<label[39m
            [33mclass[39m=[32m"input-label"[39m
            [33mfor[39m=[32m"input-end-date-(finished)"[39m
          [36m>[39m
            [0mEnd Date (Finished)[0m
          [36m</label>[39m
          [36m<input[39m
            [33mclass[39m=[32m"input-field glass-card"[39m
            [33mid[39m=[32m"input-end-date-(finished)"[39m
            [33mname[39m=[32m"end_date"[39m
            [33mtype[39m=[32m"date"[39m
            [33mvalue[39m=[32m""[39m
          [36m/>[39m
        [36m</div>[39m
        [36m<div[39m
          [33mclass[39m=[32m"hours-played-wrapper"[39m
        [36m>[39m
          [36m<div[39m
            [33mclass[39m=[32m"input-group  "[39m
          [36m>[39m
            [36m<label[39m
              [33mclass[39m=[32m"input-label"[39m
              [33mfor[39m=[32m"input-hours-played"[39m
            [36m>[39m
              [0mHours Played[0m
            [36m</label>[39m
            [36m<input[39m
              [33mclass[39m=[32m"input-field glass-card"[39m
              [33mid[39m=[32m"input-hours-played"[39m
              [33mmin[39m=[32m"0"[39m
              [33mname[39m=[32m"hours_played"[39m
              [33mstep[39m=[32m"0.1"[39m
              [33mtype[39m=[32m"number"[39m
              [33mvalue[39m=[32m""[39m
            [36m/>[39m
          [36m</div>[39m
        [36m</div>[39m
      [36m</div>[39m
      [36m<div[39m
        [33mclass[39m=[32m"form-actions"[39m
      [36m>[39m
        [36m<button[39m
          [33mclass[39m=[32m"btn btn-ghost btn-md "[39m
          [33mtype[39m=[32m"button"[39m
        [36m>[39m
          [0mCancel[0m
        [36m</button>[39m
        [36m<button[39m
          [33mclass[39m=[32m"btn btn-primary btn-md "[39m
          [33mtype[39m=[32m"submit"[39m
        [36m>[39m
          [0mAdd Game[0m
        [36m</button>[39m
      [36m</div>[39m
    [36m</form>[39m
  [36m</div>[39m
[36m</body>[39m

Ignored nodes: comments, script, style
[36m<html>[39m
  [36m<head />[39m
  [36m<body>[39m
    [36m<div>[39m
      [36m<form[39m
        [33mclass[39m=[32m"game-form"[39m
      [36m>[39m
        [36m<div[39m
          [33mclass[39m=[32m"form-search-section glass-panel"[39m
        [36m>[39m
          [36m<label[39m
            [33mclass[39m=[32m"input-label"[39m
          [36m>[39m
            [0mAuto-fill from RAWG Database[0m
          [36m</label>[39m
          [36m<div[39m
            [33mclass[39m=[32m"search-input-wrapper"[39m
          [36m>[39m
            [36m<svg[39m
              [33maria-hidden[39m=[32m"true"[39m
              [33mclass[39m=[32m"lucide lucide-search search-icon"[39m
              [33mfill[39m=[32m"none"[39m
              [33mheight[39m=[32m"18"[39m
              [33mstroke[39m=[32m"currentColor"[39m
              [33mstroke-linecap[39m=[32m"round"[39m
              [33mstroke-linejoin[39m=[32m"round"[39m
              [33mstroke-width[39m=[32m"2"[39m
              [33mviewBox[39m=[32m"0 0 24 24"[39m
              [33mwidth[39m=[32m"18"[39m
              [33mxmlns[39m=[32m"http://www.w3.org/2000/svg"[39m
            [36m>[39m
              [36m<path[39m
                [33md[39m=[32m"m21 21-4.34-4.34"[39m
              [36m/>[39m
              [36m<circle[39m
                [33mcx[39m=[32m"11"[39m
                [33mcy[39m=[32m"11"[39m
                [33mr[39m=[32m"8"[39m
              [36m/>[39m
            [36m</svg>[39m
            [36m<input[39m
              [33mclass[39m=[32m"form-input search-input"[39m
              [33mplaceholder[39m=[32m"Search for a game..."[39m
              [33mtype[39m=[32m"text"[39m
              [33mvalue[39m=[32m""[39m
            [36m/>[39m
          [36m</div>[39m
        [36m</div>[39m
        [36m<div[39m
          [33mclass[39m=[32m"form-grid"[39m
        [36m>[39m
          [36m<div[39m
            [33mclass[39m=[32m"input-group  col-span-full"[39m
          [36m>[39m
            [36m<label[39m
              [33mclass[39m=[32m"input-label"[39m
              [33mfor[39m=[32m"input-title-*"[39m
            [36m>[39m
              [0mTitle *[0m
            [36m</label>[39m
            [36m<input[39m
              [33mclass[39m=[32m"input-field glass-card"[39m
              [33mid[39m=[32m"input-title-*"[39m
              [33mname[39m=[32m"title"[39m
              [33mplaceholder[39m=[32m"e.g. The Legend of Zelda: Tears of the Kingdom"[39m
              [33mrequired[39m=[32m""[39m
              [33mvalue[39m=[32m"Test"[39m
            [36m/>[39m
          [36m</div>[39m
          [36m<div[39m
            [33mclass[39m=[32m"genre-multi-select "[39m
          [36m>[39m
            [36m<label[39m
              [33mclass[39m=[32m"input-label"[39m
              [33mfor[39m=[32m"genre-multi-select"[39m
            [36m>[39m
              [0mGenres *[0m
            [36m</label>[39m
            [36m<div[39m
              [33maria-expanded[39m=[32m"true"[39m
              [33maria-haspopup[39m=[32m"listbox"[39m
              [33mclass[39m=[32m"genre-select-trigger open"[39m
              [33mid[39m=[32m"genre-multi-select"[39m
              [33mrole[39m=[32m"combobox"[39m
              [33mtabindex[39m=[32m"0"[39m
            [36m>[39m
              [36m<span[39m
                [33mclass[39m=[32m"genre-chip"[39m
              [36m>[39m
                [0mAction[0m
                [36m<button[39m
                  [33maria-label[39m=[32m"Remove Action"[39m
                  [33mclass[39m=[32m"genre-chip-remove"[39m
                  [33mtype[39m=[32m"button"[39m
                [36m>[39m
                  [0m×[0m
                [36m</button>[39m
              [36m</span>[39m
            [36m</div>[39m
            [36m<div[39m
              [33maria-multiselectable[39m=[32m"true"[39m
              [33mclass[39m=[32m"genre-dropdown-panel"[39m
              [33mrole[39m=[32m"listbox"[39m
            [36m>[39m
              [36m<div[39m
                [33maria-selected[39m=[32m"true"[39m
                [33mclass[39m=[32m"genre-dropdown-item selected"[39m
                [33mrole[39m=[32m"option"[39m
              [36m>[39m
                [36m<span[39m
                  [33mclass[39m=[32m"genre-checkbox"[39m
                [36m>[39m
                  [36m<span[39m
                    [33mclass[39m=[32m"genre-checkbox-check"[39m
                  [36m>[39m
                    [0m✓[0m
                  [36m</span>[39m
                [36m</span>[39m
                [0mAction[0m
              [36m</div>[39m
            [36m</div>[39m
          [36m</div>[39m
          [36m<div[39m
            [33mclass[39m=[32m"input-group  "[39m
          [36m>[39m
            [36m<label[39m
              [33mclass[39m=[32m"input-label"[39m
              [33mfor[39m=[32m"select-platform-*"[39m
            [36m>[39m
              [0mPlatform *[0m
            [36m</label>[39m
            [36m<select[39m
              [33mclass[39m=[32m"input-field glass-card"[39m
              [33mid[39m=[32m"select-platform-*"[39m
              [33mname[39m=[32m"platform"[39m
              [33mrequired[39m=[32m""[39m
            [36m>[39m
              [36m<option[39m
                [33mvalue[39m=[32m""[39m
              [36m>[39m
                [0mSelect a platform...[0m
              [36m</option>[39m
              [36m<option[39m
                [33mvalue[39m=[32m"PC"[39m
              [36m>[39m
                [0mPC[0m
              [36m</option>[39m
            [36m</select>[39m
          [36m</div>[39m
          [36m<div[39m
            [33mclass[39m=[32m"input-group  "[39m
          [36m>[39m
            [36m<label[39m
              [33mclass[39m=[32m"input-label"[39m
              [33mfor[39m=[32m"select-status"[39m
            [36m>[39m
              [0mStatus[0m
            [36m</label>[39m
            [36m<select[39m
              [33mclass[39m=[32m"input-field glass-card"[39m
              [33mid[39m=[32m"select-status"[39m
              [33mname[39m=[32m"status"[39m
            [36m>[39m
              [36m<option[39m
                [33mvalue[39m=[32m"Backlog"[39m
              [36m>[39m
                [0mBacklog[0m
              [36m</option>[39m
              [36m<option[39m
                [33mvalue[39m=[32m"Playing"[39m
              [36m>[39m
                [0mPlaying[0m
              [36m</option>[39m
              [36m<option[39m
                [33mvalue[39m=[32m"On Hold"[39m
              [36m>[39m
                [0mOn Hold[0m
              [36m</option>[39m
              [36m<option[39m
                [33mvalue[39m=[32m"Played"[39m
              [36m>[39m
                [0mPlayed[0m
              [36m</option>[39m
            [36m</select>[39m
          [36m</div>[39m
          [36m<div[39m
            [33mclass[39m=[32m"input-group  "[39m
          [36m>[39m
            [36m<label[39m
              [33mclass[39m=[32m"input-label"[39m
              [33mfor[39m=[32m"input-rating-(1-10)"[39m
            [36m>[39m
              [0mRating (1-10)[0m
            [36m</label>[39m
            [36m<input[39m
              [33mclass[39m=[32m"input-field glass-card"[39m
              [33mid[39m=[32m"input-rating-(1-10)"[39m
              [33mmax[39m=[32m"10"[39m
              [33mmin[39m=[32m"1"[39m
              [33mname[39m=[32m"rating"[39m
              [33mtype[39m=[32m"number"[39m
              [33mvalue[39m=[32m""[39m
            [36m/>[39m
          [36m</div>[39m
          [36m<div[39m
            [33mclass[39m=[32m"input-group  "[39m
          [36m>[39m
            [36m<label[39m
              [33mclass[39m=[32m"input-label"[39m
              [33mfor[39m=[32m"input-purchasing-price-(€)"[39m
            [36m>[39m
              [0mPurchasing Price (€)[0m
            [36m</label>[39m
            [36m<input[39m
              [33mclass[39m=[32m"input-field glass-card"[39m
              [33mid[39m=[32m"input-purchasing-price-(€)"[39m
              [33mmin[39m=[32m"0"[39m
              [33mname[39m=[32m"purchasing_price"[39m
              [33mstep[39m=[32m"0.01"[39m
              [33mtype[39m=[32m"number"[39m
              [33mvalue[39m=[32m""[39m
            [36m/>[39m
          [36m</div>[39m
          [36m<div[39m
            [33mclass[39m=[32m"input-group  "[39m
          [36m>[39m
            [36m<label[39m
              [33mclass[39m=[32m"input-label"[39m
              [33mfor[39m=[32m"input-selling-price-(€)"[39m
            [36m>[39m
              [0mSelling Price (€)[0m
            [36m</label>[39m
            [36m<input[39m
              [33mclass[39m=[32m"input-field glass-card"[39m
              [33mid[39m=[32m"input-selling-price-(€)"[39m
              [33mmin[39m=[32m"0"[39m
              [33mname[39m=[32m"selling_price"[39m
              [33mstep[39m=[32m"0.01"[39m
              [33mtype[39m=[32m"number"[39m
              [33mvalue[39m=[32m"-10"[39m
            [36m/>[39m
          [36m</div>[39m
          [36m<div[39m
            [33mclass[39m=[32m"input-group  "[39m
          [36m>[39m
            [36m<label[39m
              [33mclass[39m=[32m"input-label"[39m
              [33mfor[39m=[32m"input-start-date"[39m
            [36m>[39m
              [0mStart Date[0m
            [36m</label>[39m
            [36m<input[39m
              [33mclass[39m=[32m"input-field glass-card"[39m
              [33mid[39m=[32m"input-start-date"[39m
              [33mmax[39m=[32m"2026-02-27"[39m
              [33mname[39m=[32m"start_date"[39m
              [33mtype[39m=[32m"date"[39m
              [33mvalue[39m=[32m""[39m
            [36m/>[39m
          [36m</div>[39m
          [36m<div[39m
            [33mclass[39m=[32m"input-group  "[39m
          [36m>[39m
            [36m<label[39m
              [33mclass[39m=[32m"input-label"[39m
              [33mfor[39m=[32m"input-end-date-(finished)"[39m
            [36m>[39m
              [0mEnd Date (Finished)[0m
            [36m</label>[39m
            [36m<input[39m
              [33mclass[39m=[32m"input-field glass-card"[39m
              [33mid[39m=[32m"input-end-date-(finished)"[39m
              [33mname[39m=[32m"end_date"[39m
              [33mtype[39m=[32m"date"[39m
              [33mvalue[39m=[32m""[39m
            [36m/>[39m
          [36m</div>[39m
          [36m<div[39m
            [33mclass[39m=[32m"hours-played-wrapper"[39m
          [36m>[39m
            [36m<div[39m
              [33mclass[39m=[32m"input-group  "[39m
            [36m>[39m
              [36m<label[39m
                [33mclass[39m=[32m"input-label"[39m
                [33mfor[39m=[32m"input-hours-played"[39m
              [36m>[39m
                [0mHours Played[0m
              [36m</label>[39m
              [36m<input[39m
                [33mclass[39m=[32m"input-field glass-card"[39m
                [33mid[39m=[32m"input-hours-played"[39m
                [33mmin[39m=[32m"0"[39m
                [33mname[39m=[32m"hours_played"[39m
                [33mstep[39m=[32m"0.1"[39m
                [33mtype[39m=[32m"number"[39m
                [33mvalue[39m=[32m""[39m
              [36m/>[39m
            [36m</div>[39m
          [36m</div>[39m
        [36m</div>[39m
        [36m<div[39m
          [33mclass[39m=[32m"form-actions"[39m
        [36m>[39m
          [36m<button[39m
            [33mclass[39m=[32m"btn btn-ghost btn-md "[39m
            [33mtype[39m=[32m"button"[39m
          [36m>[39m
            [0mCancel[0m
          [36m</button>[39m
          [36m<button[39m
            [33mclass[39m=[32m"btn btn-primary btn-md "[39m
            [33mtype[39m=[32m"submit"[39m
          [36m>[39m
            [0mAdd Game[0m
          [36m</button>[39m
        [36m</div>[39m
      [36m</form>[39m
    [36m</div>[39m
  [36m</body>[39m
[36m</html>[39m
[90m [2m❯[22m Proxy.waitForWrapper node_modules/@testing-library/dom/dist/wait-for.js:[2m163:27[22m[39m
[36m [2m❯[22m src/__tests__/components/GameForm.test.tsx:[2m193:15[22m[39m
    [90m191| [39m        fireEvent[33m.[39m[34mclick[39m(screen[33m.[39m[34mgetByText[39m([32m'Add Game'[39m))[33m;[39m
    [90m192| [39m
    [90m193| [39m        [35mawait[39m [34mwaitFor[39m(() [33m=>[39m {
    [90m   | [39m              [31m^[39m
    [90m194| [39m            expect(screen.getByText('Selling price must be greater tha…
    [90m195| [39m        })[33m;[39m

[31m[2m⎯⎯⎯⎯⎯⎯⎯⎯⎯⎯⎯⎯⎯⎯⎯⎯⎯⎯⎯⎯⎯⎯⎯⎯[2/3]⎯[22m[39m

[41m[1m FAIL [22m[49m src/__tests__/components/GameForm.test.tsx[2m > [22mGameForm Validations[2m > [22mshows error if start date is in the future
[31m[1mTestingLibraryElementError[22m[39m: Unable to find an element with the text: Start date cannot be in the future. This could be because the text is broken up by multiple elements. In this case, you can provide a function for your text matcher to make your matcher more flexible.

Ignored nodes: comments, script, style
[36m<body>[39m
  [36m<div>[39m
    [36m<form[39m
      [33mclass[39m=[32m"game-form"[39m
    [36m>[39m
      [36m<div[39m
        [33mclass[39m=[32m"form-search-section glass-panel"[39m
      [36m>[39m
        [36m<label[39m
          [33mclass[39m=[32m"input-label"[39m
        [36m>[39m
          [0mAuto-fill from RAWG Database[0m
        [36m</label>[39m
        [36m<div[39m
          [33mclass[39m=[32m"search-input-wrapper"[39m
        [36m>[39m
          [36m<svg[39m
            [33maria-hidden[39m=[32m"true"[39m
            [33mclass[39m=[32m"lucide lucide-search search-icon"[39m
            [33mfill[39m=[32m"none"[39m
            [33mheight[39m=[32m"18"[39m
            [33mstroke[39m=[32m"currentColor"[39m
            [33mstroke-linecap[39m=[32m"round"[39m
            [33mstroke-linejoin[39m=[32m"round"[39m
            [33mstroke-width[39m=[32m"2"[39m
            [33mviewBox[39m=[32m"0 0 24 24"[39m
            [33mwidth[39m=[32m"18"[39m
            [33mxmlns[39m=[32m"http://www.w3.org/2000/svg"[39m
          [36m>[39m
            [36m<path[39m
              [33md[39m=[32m"m21 21-4.34-4.34"[39m
            [36m/>[39m
            [36m<circle[39m
              [33mcx[39m=[32m"11"[39m
              [33mcy[39m=[32m"11"[39m
              [33mr[39m=[32m"8"[39m
            [36m/>[39m
          [36m</svg>[39m
          [36m<input[39m
            [33mclass[39m=[32m"form-input search-input"[39m
            [33mplaceholder[39m=[32m"Search for a game..."[39m
            [33mtype[39m=[32m"text"[39m
            [33mvalue[39m=[32m""[39m
          [36m/>[39m
        [36m</div>[39m
      [36m</div>[39m
      [36m<div[39m
        [33mclass[39m=[32m"form-grid"[39m
      [36m>[39m
        [36m<div[39m
          [33mclass[39m=[32m"input-group  col-span-full"[39m
        [36m>[39m
          [36m<label[39m
            [33mclass[39m=[32m"input-label"[39m
            [33mfor[39m=[32m"input-title-*"[39m
          [36m>[39m
            [0mTitle *[0m
          [36m</label>[39m
          [36m<input[39m
            [33mclass[39m=[32m"input-field glass-card"[39m
            [33mid[39m=[32m"input-title-*"[39m
            [33mname[39m=[32m"title"[39m
            [33mplaceholder[39m=[32m"e.g. The Legend of Zelda: Tears of the Kingdom"[39m
            [33mrequired[39m=[32m""[39m
            [33mvalue[39m=[32m"Test"[39m
          [36m/>[39m
        [36m</div>[39m
        [36m<div[39m
          [33mclass[39m=[32m"genre-multi-select "[39m
        [36m>[39m
          [36m<label[39m
            [33mclass[39m=[32m"input-label"[39m
            [33mfor[39m=[32m"genre-multi-select"[39m
          [36m>[39m
            [0mGenres *[0m
          [36m</label>[39m
          [36m<div[39m
            [33maria-expanded[39m=[32m"true"[39m
            [33maria-haspopup[39m=[32m"listbox"[39m
            [33mclass[39m=[32m"genre-select-trigger open"[39m
            [33mid[39m=[32m"genre-multi-select"[39m
            [33mrole[39m=[32m"combobox"[39m
            [33mtabindex[39m=[32m"0"[39m
          [36m>[39m
            [36m<span[39m
              [33mclass[39m=[32m"genre-chip"[39m
            [36m>[39m
              [0mAction[0m
              [36m<button[39m
                [33maria-label[39m=[32m"Remove Action"[39m
                [33mclass[39m=[32m"genre-chip-remove"[39m
                [33mtype[39m=[32m"button"[39m
              [36m>[39m
                [0m×[0m
              [36m</button>[39m
            [36m</span>[39m
          [36m</div>[39m
          [36m<div[39m
            [33maria-multiselectable[39m=[32m"true"[39m
            [33mclass[39m=[32m"genre-dropdown-panel"[39m
            [33mrole[39m=[32m"listbox"[39m
          [36m>[39m
            [36m<div[39m
              [33maria-selected[39m=[32m"true"[39m
              [33mclass[39m=[32m"genre-dropdown-item selected"[39m
              [33mrole[39m=[32m"option"[39m
            [36m>[39m
              [36m<span[39m
                [33mclass[39m=[32m"genre-checkbox"[39m
              [36m>[39m
                [36m<span[39m
                  [33mclass[39m=[32m"genre-checkbox-check"[39m
                [36m>[39m
                  [0m✓[0m
                [36m</span>[39m
              [36m</span>[39m
              [0mAction[0m
            [36m</div>[39m
          [36m</div>[39m
        [36m</div>[39m
        [36m<div[39m
          [33mclass[39m=[32m"input-group  "[39m
        [36m>[39m
          [36m<label[39m
            [33mclass[39m=[32m"input-label"[39m
            [33mfor[39m=[32m"select-platform-*"[39m
          [36m>[39m
            [0mPlatform *[0m
          [36m</label>[39m
          [36m<select[39m
            [33mclass[39m=[32m"input-field glass-card"[39m
            [33mid[39m=[32m"select-platform-*"[39m
            [33mname[39m=[32m"platform"[39m
            [33mrequired[39m=[32m""[39m
          [36m>[39m
            [36m<option[39m
              [33mvalue[39m=[32m""[39m
            [36m>[39m
              [0mSelect a platform...[0m
            [36m</option>[39m
            [36m<option[39m
              [33mvalue[39m=[32m"PC"[39m
            [36m>[39m
              [0mPC[0m
            [36m</option>[39m
          [36m</select>[39m
        [36m</div>[39m
        [36m<div[39m
          [33mclass[39m=[32m"input-group  "[39m
        [36m>[39m
          [36m<label[39m
            [33mclass[39m=[32m"input-label"[39m
            [33mfor[39m=[32m"select-status"[39m
          [36m>[39m
            [0mStatus[0m
          [36m</label>[39m
          [36m<select[39m
            [33mclass[39m=[32m"input-field glass-card"[39m
            [33mid[39m=[32m"select-status"[39m
            [33mname[39m=[32m"status"[39m
          [36m>[39m
            [36m<option[39m
              [33mvalue[39m=[32m"Backlog"[39m
            [36m>[39m
              [0mBacklog[0m
            [36m</option>[39m
            [36m<option[39m
              [33mvalue[39m=[32m"Playing"[39m
            [36m>[39m
              [0mPlaying[0m
            [36m</option>[39m
            [36m<option[39m
              [33mvalue[39m=[32m"On Hold"[39m
            [36m>[39m
              [0mOn Hold[0m
            [36m</option>[39m
            [36m<option[39m
              [33mvalue[39m=[32m"Played"[39m
            [36m>[39m
              [0mPlayed[0m
            [36m</option>[39m
          [36m</select>[39m
        [36m</div>[39m
        [36m<div[39m
          [33mclass[39m=[32m"input-group  "[39m
        [36m>[39m
          [36m<label[39m
            [33mclass[39m=[32m"input-label"[39m
            [33mfor[39m=[32m"input-rating-(1-10)"[39m
          [36m>[39m
            [0mRating (1-10)[0m
          [36m</label>[39m
          [36m<input[39m
            [33mclass[39m=[32m"input-field glass-card"[39m
            [33mid[39m=[32m"input-rating-(1-10)"[39m
            [33mmax[39m=[32m"10"[39m
            [33mmin[39m=[32m"1"[39m
            [33mname[39m=[32m"rating"[39m
            [33mtype[39m=[32m"number"[39m
            [33mvalue[39m=[32m""[39m
          [36m/>[39m
        [36m</div>[39m
        [36m<div[39m
          [33mclass[39m=[32m"input-group  "[39m
        [36m>[39m
          [36m<label[39m
            [33mclass[39m=[32m"input-label"[39m
            [33mfor[39m=[32m"input-purchasing-price-(€)"[39m
          [36m>[39m
            [0mPurchasing Price (€)[0m
          [36m</label>[39m
          [36m<input[39m
            [33mclass[39m=[32m"input-field glass-card"[39m
            [33mid[39m=[32m"input-purchasing-price-(€)"[39m
            [33mmin[39m=[32m"0"[39m
            [33mname[39m=[32m"purchasing_price"[39m
            [33mstep[39m=[32m"0.01"[39m
            [33mtype[39m=[32m"number"[39m
            [33mvalue[39m=[32m""[39m
          [36m/>[39m
        [36m</div>[39m
        [36m<div[39m
          [33mclass[39m=[32m"input-group  "[39m
        [36m>[39m
          [36m<label[39m
            [33mclass[39m=[32m"input-label"[39m
            [33mfor[39m=[32m"input-selling-price-(€)"[39m
          [36m>[39m
            [0mSelling Price (€)[0m
          [36m</label>[39m
          [36m<input[39m
            [33mclass[39m=[32m"input-field glass-card"[39m
            [33mid[39m=[32m"input-selling-price-(€)"[39m
            [33mmin[39m=[32m"0"[39m
            [33mname[39m=[32m"selling_price"[39m
            [33mstep[39m=[32m"0.01"[39m
            [33mtype[39m=[32m"number"[39m
            [33mvalue[39m=[32m""[39m
          [36m/>[39m
        [36m</div>[39m
        [36m<div[39m
          [33mclass[39m=[32m"input-group  "[39m
        [36m>[39m
          [36m<label[39m
            [33mclass[39m=[32m"input-label"[39m
            [33mfor[39m=[32m"input-start-date"[39m
          [36m>[39m
            [0mStart Date[0m
          [36m</label>[39m
          [36m<input[39m
            [33mclass[39m=[32m"input-field glass-card"[39m
            [33mid[39m=[32m"input-start-date"[39m
            [33mmax[39m=[32m"2026-02-27"[39m
            [33mname[39m=[32m"start_date"[39m
            [33mtype[39m=[32m"date"[39m
            [33mvalue[39m=[32m"2026-02-28"[39m
          [36m/>[39m
        [36m</div>[39m
        [36m<div[39m
          [33mclass[39m=[32m"input-group  "[39m
        [36m>[39m
          [36m<label[39m
            [33mclass[39m=[32m"input-label"[39m
            [33mfor[39m=[32m"input-end-date-(finished)"[39m
          [36m>[39m
            [0mEnd Date (Finished)[0m
          [36m</label>[39m
          [36m<input[39m
            [33mclass[39m=[32m"input-field glass-card"[39m
            [33mid[39m=[32m"input-end-date-(finished)"[39m
            [33mname[39m=[32m"end_date"[39m
            [33mtype[39m=[32m"date"[39m
            [33mvalue[39m=[32m""[39m
          [36m/>[39m
        [36m</div>[39m
        [36m<div[39m
          [33mclass[39m=[32m"hours-played-wrapper"[39m
        [36m>[39m
          [36m<div[39m
            [33mclass[39m=[32m"input-group  "[39m
          [36m>[39m
            [36m<label[39m
              [33mclass[39m=[32m"input-label"[39m
              [33mfor[39m=[32m"input-hours-played"[39m
            [36m>[39m
              [0mHours Played[0m
            [36m</label>[39m
            [36m<input[39m
              [33mclass[39m=[32m"input-field glass-card"[39m
              [33mid[39m=[32m"input-hours-played"[39m
              [33mmin[39m=[32m"0"[39m
              [33mname[39m=[32m"hours_played"[39m
              [33mstep[39m=[32m"0.1"[39m
              [33mtype[39m=[32m"number"[39m
              [33mvalue[39m=[32m""[39m
            [36m/>[39m
          [36m</div>[39m
        [36m</div>[39m
      [36m</div>[39m
      [36m<div[39m
        [33mclass[39m=[32m"form-actions"[39m
      [36m>[39m
        [36m<button[39m
          [33mclass[39m=[32m"btn btn-ghost btn-md "[39m
          [33mtype[39m=[32m"button"[39m
        [36m>[39m
          [0mCancel[0m
        [36m</button>[39m
        [36m<button[39m
          [33mclass[39m=[32m"btn btn-primary btn-md "[39m
          [33mtype[39m=[32m"submit"[39m
        [36m>[39m
          [0mAdd Game[0m
        [36m</button>[39m
      [36m</div>[39m
    [36m</form>[39m
  [36m</div>[39m
[36m</body>[39m

Ignored nodes: comments, script, style
[36m<html>[39m
  [36m<head />[39m
  [36m<body>[39m
    [36m<div>[39m
      [36m<form[39m
        [33mclass[39m=[32m"game-form"[39m
      [36m>[39m
        [36m<div[39m
          [33mclass[39m=[32m"form-search-section glass-panel"[39m
        [36m>[39m
          [36m<label[39m
            [33mclass[39m=[32m"input-label"[39m
          [36m>[39m
            [0mAuto-fill from RAWG Database[0m
          [36m</label>[39m
          [36m<div[39m
            [33mclass[39m=[32m"search-input-wrapper"[39m
          [36m>[39m
            [36m<svg[39m
              [33maria-hidden[39m=[32m"true"[39m
              [33mclass[39m=[32m"lucide lucide-search search-icon"[39m
              [33mfill[39m=[32m"none"[39m
              [33mheight[39m=[32m"18"[39m
              [33mstroke[39m=[32m"currentColor"[39m
              [33mstroke-linecap[39m=[32m"round"[39m
              [33mstroke-linejoin[39m=[32m"round"[39m
              [33mstroke-width[39m=[32m"2"[39m
              [33mviewBox[39m=[32m"0 0 24 24"[39m
              [33mwidth[39m=[32m"18"[39m
              [33mxmlns[39m=[32m"http://www.w3.org/2000/svg"[39m
            [36m>[39m
              [36m<path[39m
                [33md[39m=[32m"m21 21-4.34-4.34"[39m
              [36m/>[39m
              [36m<circle[39m
                [33mcx[39m=[32m"11"[39m
                [33mcy[39m=[32m"11"[39m
                [33mr[39m=[32m"8"[39m
              [36m/>[39m
            [36m</svg>[39m
            [36m<input[39m
              [33mclass[39m=[32m"form-input search-input"[39m
              [33mplaceholder[39m=[32m"Search for a game..."[39m
              [33mtype[39m=[32m"text"[39m
              [33mvalue[39m=[32m""[39m
            [36m/>[39m
          [36m</div>[39m
        [36m</div>[39m
        [36m<div[39m
          [33mclass[39m=[32m"form-grid"[39m
        [36m>[39m
          [36m<div[39m
            [33mclass[39m=[32m"input-group  col-span-full"[39m
          [36m>[39m
            [36m<label[39m
              [33mclass[39m=[32m"input-label"[39m
              [33mfor[39m=[32m"input-title-*"[39m
            [36m>[39m
              [0mTitle *[0m
            [36m</label>[39m
            [36m<input[39m
              [33mclass[39m=[32m"input-field glass-card"[39m
              [33mid[39m=[32m"input-title-*"[39m
              [33mname[39m=[32m"title"[39m
              [33mplaceholder[39m=[32m"e.g. The Legend of Zelda: Tears of the Kingdom"[39m
              [33mrequired[39m=[32m""[39m
              [33mvalue[39m=[32m"Test"[39m
            [36m/>[39m
          [36m</div>[39m
          [36m<div[39m
            [33mclass[39m=[32m"genre-multi-select "[39m
          [36m>[39m
            [36m<label[39m
              [33mclass[39m=[32m"input-label"[39m
              [33mfor[39m=[32m"genre-multi-select"[39m
            [36m>[39m
              [0mGenres *[0m
            [36m</label>[39m
            [36m<div[39m
              [33maria-expanded[39m=[32m"true"[39m
              [33maria-haspopup[39m=[32m"listbox"[39m
              [33mclass[39m=[32m"genre-select-trigger open"[39m
              [33mid[39m=[32m"genre-multi-select"[39m
              [33mrole[39m=[32m"combobox"[39m
              [33mtabindex[39m=[32m"0"[39m
            [36m>[39m
              [36m<span[39m
                [33mclass[39m=[32m"genre-chip"[39m
              [36m>[39m
                [0mAction[0m
                [36m<button[39m
                  [33maria-label[39m=[32m"Remove Action"[39m
                  [33mclass[39m=[32m"genre-chip-remove"[39m
                  [33mtype[39m=[32m"button"[39m
                [36m>[39m
                  [0m×[0m
                [36m</button>[39m
              [36m</span>[39m
            [36m</div>[39m
            [36m<div[39m
              [33maria-multiselectable[39m=[32m"true"[39m
              [33mclass[39m=[32m"genre-dropdown-panel"[39m
              [33mrole[39m=[32m"listbox"[39m
            [36m>[39m
              [36m<div[39m
                [33maria-selected[39m=[32m"true"[39m
                [33mclass[39m=[32m"genre-dropdown-item selected"[39m
                [33mrole[39m=[32m"option"[39m
              [36m>[39m
                [36m<span[39m
                  [33mclass[39m=[32m"genre-checkbox"[39m
                [36m>[39m
                  [36m<span[39m
                    [33mclass[39m=[32m"genre-checkbox-check"[39m
                  [36m>[39m
                    [0m✓[0m
                  [36m</span>[39m
                [36m</span>[39m
                [0mAction[0m
              [36m</div>[39m
            [36m</div>[39m
          [36m</div>[39m
          [36m<div[39m
            [33mclass[39m=[32m"input-group  "[39m
          [36m>[39m
            [36m<label[39m
              [33mclass[39m=[32m"input-label"[39m
              [33mfor[39m=[32m"select-platform-*"[39m
            [36m>[39m
              [0mPlatform *[0m
            [36m</label>[39m
            [36m<select[39m
              [33mclass[39m=[32m"input-field glass-card"[39m
              [33mid[39m=[32m"select-platform-*"[39m
              [33mname[39m=[32m"platform"[39m
              [33mrequired[39m=[32m""[39m
            [36m>[39m
              [36m<option[39m
                [33mvalue[39m=[32m""[39m
              [36m>[39m
                [0mSelect a platform...[0m
              [36m</option>[39m
              [36m<option[39m
                [33mvalue[39m=[32m"PC"[39m
              [36m>[39m
                [0mPC[0m
              [36m</option>[39m
            [36m</select>[39m
          [36m</div>[39m
          [36m<div[39m
            [33mclass[39m=[32m"input-group  "[39m
          [36m>[39m
            [36m<label[39m
              [33mclass[39m=[32m"input-label"[39m
              [33mfor[39m=[32m"select-status"[39m
            [36m>[39m
              [0mStatus[0m
            [36m</label>[39m
            [36m<select[39m
              [33mclass[39m=[32m"input-field glass-card"[39m
              [33mid[39m=[32m"select-status"[39m
              [33mname[39m=[32m"status"[39m
            [36m>[39m
              [36m<option[39m
                [33mvalue[39m=[32m"Backlog"[39m
              [36m>[39m
                [0mBacklog[0m
              [36m</option>[39m
              [36m<option[39m
                [33mvalue[39m=[32m"Playing"[39m
              [36m>[39m
                [0mPlaying[0m
              [36m</option>[39m
              [36m<option[39m
                [33mvalue[39m=[32m"On Hold"[39m
              [36m>[39m
                [0mOn Hold[0m
              [36m</option>[39m
              [36m<option[39m
                [33mvalue[39m=[32m"Played"[39m
              [36m>[39m
                [0mPlayed[0m
              [36m</option>[39m
            [36m</select>[39m
          [36m</div>[39m
          [36m<div[39m
            [33mclass[39m=[32m"input-group  "[39m
          [36m>[39m
            [36m<label[39m
              [33mclass[39m=[32m"input-label"[39m
              [33mfor[39m=[32m"input-rating-(1-10)"[39m
            [36m>[39m
              [0mRating (1-10)[0m
            [36m</label>[39m
            [36m<input[39m
              [33mclass[39m=[32m"input-field glass-card"[39m
              [33mid[39m=[32m"input-rating-(1-10)"[39m
              [33mmax[39m=[32m"10"[39m
              [33mmin[39m=[32m"1"[39m
              [33mname[39m=[32m"rating"[39m
              [33mtype[39m=[32m"number"[39m
              [33mvalue[39m=[32m""[39m
            [36m/>[39m
          [36m</div>[39m
          [36m<div[39m
            [33mclass[39m=[32m"input-group  "[39m
          [36m>[39m
            [36m<label[39m
              [33mclass[39m=[32m"input-label"[39m
              [33mfor[39m=[32m"input-purchasing-price-(€)"[39m
            [36m>[39m
              [0mPurchasing Price (€)[0m
            [36m</label>[39m
            [36m<input[39m
              [33mclass[39m=[32m"input-field glass-card"[39m
              [33mid[39m=[32m"input-purchasing-price-(€)"[39m
              [33mmin[39m=[32m"0"[39m
              [33mname[39m=[32m"purchasing_price"[39m
              [33mstep[39m=[32m"0.01"[39m
              [33mtype[39m=[32m"number"[39m
              [33mvalue[39m=[32m""[39m
            [36m/>[39m
          [36m</div>[39m
          [36m<div[39m
            [33mclass[39m=[32m"input-group  "[39m
          [36m>[39m
            [36m<label[39m
              [33mclass[39m=[32m"input-label"[39m
              [33mfor[39m=[32m"input-selling-price-(€)"[39m
            [36m>[39m
              [0mSelling Price (€)[0m
            [36m</label>[39m
            [36m<input[39m
              [33mclass[39m=[32m"input-field glass-card"[39m
              [33mid[39m=[32m"input-selling-price-(€)"[39m
              [33mmin[39m=[32m"0"[39m
              [33mname[39m=[32m"selling_price"[39m
              [33mstep[39m=[32m"0.01"[39m
              [33mtype[39m=[32m"number"[39m
              [33mvalue[39m=[32m""[39m
            [36m/>[39m
          [36m</div>[39m
          [36m<div[39m
            [33mclass[39m=[32m"input-group  "[39m
          [36m>[39m
            [36m<label[39m
              [33mclass[39m=[32m"input-label"[39m
              [33mfor[39m=[32m"input-start-date"[39m
            [36m>[39m
              [0mStart Date[0m
            [36m</label>[39m
            [36m<input[39m
              [33mclass[39m=[32m"input-field glass-card"[39m
              [33mid[39m=[32m"input-start-date"[39m
              [33mmax[39m=[32m"2026-02-27"[39m
              [33mname[39m=[32m"start_date"[39m
              [33mtype[39m=[32m"date"[39m
              [33mvalue[39m=[32m"2026-02-28"[39m
            [36m/>[39m
          [36m</div>[39m
          [36m<div[39m
            [33mclass[39m=[32m"input-group  "[39m
          [36m>[39m
            [36m<label[39m
              [33mclass[39m=[32m"input-label"[39m
              [33mfor[39m=[32m"input-end-date-(finished)"[39m
            [36m>[39m
              [0mEnd Date (Finished)[0m
            [36m</label>[39m
            [36m<input[39m
              [33mclass[39m=[32m"input-field glass-card"[39m
              [33mid[39m=[32m"input-end-date-(finished)"[39m
              [33mname[39m=[32m"end_date"[39m
              [33mtype[39m=[32m"date"[39m
              [33mvalue[39m=[32m""[39m
            [36m/>[39m
          [36m</div>[39m
          [36m<div[39m
            [33mclass[39m=[32m"hours-played-wrapper"[39m
          [36m>[39m
            [36m<div[39m
              [33mclass[39m=[32m"input-group  "[39m
            [36m>[39m
              [36m<label[39m
                [33mclass[39m=[32m"input-label"[39m
                [33mfor[39m=[32m"input-hours-played"[39m
              [36m>[39m
                [0mHours Played[0m
              [36m</label>[39m
              [36m<input[39m
                [33mclass[39m=[32m"input-field glass-card"[39m
                [33mid[39m=[32m"input-hours-played"[39m
                [33mmin[39m=[32m"0"[39m
                [33mname[39m=[32m"hours_played"[39m
                [33mstep[39m=[32m"0.1"[39m
                [33mtype[39m=[32m"number"[39m
                [33mvalue[39m=[32m""[39m
              [36m/>[39m
            [36m</div>[39m
          [36m</div>[39m
        [36m</div>[39m
        [36m<div[39m
          [33mclass[39m=[32m"form-actions"[39m
        [36m>[39m
          [36m<button[39m
            [33mclass[39m=[32m"btn btn-ghost btn-md "[39m
            [33mtype[39m=[32m"button"[39m
          [36m>[39m
            [0mCancel[0m
          [36m</button>[39m
          [36m<button[39m
            [33mclass[39m=[32m"btn btn-primary btn-md "[39m
            [33mtype[39m=[32m"submit"[39m
          [36m>[39m
            [0mAdd Game[0m
          [36m</button>[39m
        [36m</div>[39m
      [36m</form>[39m
    [36m</div>[39m
  [36m</body>[39m
[36m</html>[39m
[90m [2m❯[22m Proxy.waitForWrapper node_modules/@testing-library/dom/dist/wait-for.js:[2m163:27[22m[39m
[36m [2m❯[22m src/__tests__/components/GameForm.test.tsx:[2m232:15[22m[39m
    [90m230| [39m        fireEvent[33m.[39m[34mclick[39m(screen[33m.[39m[34mgetByText[39m([32m'Add Game'[39m))[33m;[39m
    [90m231| [39m
    [90m232| [39m        [35mawait[39m [34mwaitFor[39m(() [33m=>[39m {
    [90m   | [39m              [31m^[39m
    [90m233| [39m            expect(screen.getByText('Start date cannot be in the futur…
    [90m234| [39m        })[33m;[39m

[31m[2m⎯⎯⎯⎯⎯⎯⎯⎯⎯⎯⎯⎯⎯⎯⎯⎯⎯⎯⎯⎯⎯⎯⎯⎯[3/3]⎯[22m[39m


[2m Test Files [22m [1m[31m1 failed[39m[22m[90m (1)[39m
[2m      Tests [22m [1m[31m3 failed[39m[22m[2m | [22m[1m[32m3 passed[39m[22m[90m (6)[39m
[2m   Start at [22m 01:10:49
[2m   Duration [22m 4.46s[2m (transform 66ms, setup 64ms, import 184ms, tests 3.78s, environment 355ms)[22m

